2026-08-06T07:00:09Z RUN   class=import job=import-0037 status=DONE
2026-08-06T07:00:14Z RUN   class=export job=export-0020 status=DONE
2026-08-06T07:00:15Z RUN   class=cleanup job=cleanup-0081 status=DONE
2026-08-06T07:00:21Z RUN   class=export job=export-0082 status=DONE
2026-08-06T07:00:27Z RUN   class=export job=export-0117 status=DONE
2026-08-06T07:00:34Z RUN   class=export job=export-0087 status=DONE
2026-08-06T07:00:40Z RUN   class=import job=import-0123 status=DONE
2026-08-06T07:00:47Z RUN   class=export job=export-0126 status=DONE
2026-08-06T07:00:48Z RUN   class=import job=import-0042 status=DONE
2026-08-06T07:00:51Z RUN   class=cleanup job=cleanup-0039 status=DONE
2026-08-06T07:00:58Z RUN   class=export job=export-0152 status=DONE
2026-08-06T07:01:03Z RUN   class=import job=import-0061 status=DONE
2026-08-06T07:01:04Z RUN   class=import job=import-0126 status=DONE
2026-08-06T07:01:12Z RUN   class=import job=import-0142 status=DONE
2026-08-06T07:01:19Z RUN   class=export job=export-0095 status=DONE
2026-08-06T07:01:23Z RUN   class=import job=import-0047 status=DONE
2026-08-06T07:01:32Z RUN   class=export job=export-0124 status=DONE
2026-08-06T07:01:41Z RUN   class=import job=import-0194 status=DONE
2026-08-06T07:01:50Z RUN   class=import job=import-0192 status=DONE
2026-08-06T07:01:57Z RUN   class=export job=export-0006 status=DONE
2026-08-06T07:02:03Z RUN   class=export job=export-0139 status=DONE
2026-08-06T07:02:05Z RUN   class=cleanup job=cleanup-0037 status=DONE
2026-08-06T07:02:12Z RUN   class=import job=import-0077 status=DONE
2026-08-06T07:02:13Z RUN   class=import job=import-0156 status=DONE
2026-08-06T07:02:15Z RUN   class=import job=import-0106 status=DONE
2026-08-06T07:02:18Z RUN   class=import job=import-0052 status=DONE
2026-08-06T07:02:25Z RUN   class=import job=import-0056 status=DONE
2026-08-06T07:02:30Z RUN   class=export job=export-0088 status=DONE
2026-08-06T07:02:34Z RUN   class=export job=export-0127 status=DONE
2026-08-06T07:02:39Z RUN   class=cleanup job=cleanup-0022 status=DONE
2026-08-06T07:02:44Z RUN   class=cleanup job=cleanup-0073 status=DONE
2026-08-06T07:02:50Z RUN   class=import job=import-0121 status=DONE
2026-08-06T07:02:56Z RUN   class=export job=export-0028 status=DONE
2026-08-06T07:03:03Z RUN   class=cleanup job=cleanup-0024 status=DONE
2026-08-06T07:03:11Z RUN   class=import job=import-0181 status=DONE
2026-08-06T07:03:12Z RUN   class=cleanup job=cleanup-0006 status=DONE
2026-08-06T07:03:15Z RUN   class=export job=export-0140 status=DONE
2026-08-06T07:03:17Z RUN   class=export job=export-0023 status=DONE
2026-08-06T07:03:25Z RUN   class=cleanup job=cleanup-0047 status=DONE
2026-08-06T07:03:29Z RUN   class=import job=import-0215 status=ERROR
2026-08-06T07:03:38Z RUN   class=cleanup job=cleanup-0042 status=DONE
2026-08-06T07:03:46Z RUN   class=import job=import-0005 status=DONE
2026-08-06T07:03:50Z RUN   class=cleanup job=cleanup-0046 status=DONE
2026-08-06T07:03:53Z RUN   class=cleanup job=cleanup-0087 status=DONE
2026-08-06T07:03:56Z RUN   class=import job=import-0093 status=DONE
2026-08-06T07:04:00Z RUN   class=import job=import-0033 status=DONE
2026-08-06T07:04:07Z RUN   class=export job=export-0056 status=DONE
2026-08-06T07:04:14Z RUN   class=export job=export-0178 status=DONE
2026-08-06T07:04:23Z RUN   class=import job=import-0031 status=DONE
2026-08-06T07:04:29Z RUN   class=cleanup job=cleanup-0038 status=DONE
2026-08-06T07:04:33Z RUN   class=import job=import-0098 status=DONE
2026-08-06T07:04:40Z RUN   class=export job=export-0075 status=DONE
2026-08-06T07:04:46Z RUN   class=cleanup job=cleanup-0088 status=DONE
2026-08-06T07:04:49Z RUN   class=import job=import-0124 status=DONE
2026-08-06T07:04:57Z RUN   class=export job=export-0031 status=DONE
2026-08-06T07:05:04Z RUN   class=import job=import-0068 status=DONE
2026-08-06T07:05:10Z RUN   class=import job=import-0131 status=DONE
2026-08-06T07:05:14Z RUN   class=export job=export-0108 status=DONE
2026-08-06T07:05:17Z RUN   class=import job=import-0095 status=DONE
2026-08-06T07:05:26Z RUN   class=export job=export-0026 status=DONE
2026-08-06T07:05:32Z RUN   class=export job=export-0148 status=DONE
2026-08-06T07:05:36Z RUN   class=export job=export-0179 status=DONE
2026-08-06T07:05:42Z RUN   class=cleanup job=cleanup-0018 status=DONE
2026-08-06T07:05:45Z RUN   class=export job=export-0166 status=DONE
2026-08-06T07:05:50Z RUN   class=import job=import-0008 status=DONE
2026-08-06T07:05:54Z RUN   class=cleanup job=cleanup-0031 status=DONE
2026-08-06T07:06:00Z RUN   class=export job=export-0074 status=DONE
2026-08-06T07:06:07Z RUN   class=import job=import-0030 status=DONE
2026-08-06T07:06:12Z RUN   class=export job=export-0067 status=DONE
2026-08-06T07:06:18Z RUN   class=export job=export-0130 status=DONE
2026-08-06T07:06:23Z RUN   class=import job=import-0079 status=DONE
2026-08-06T07:06:25Z RUN   class=import job=import-0048 status=DONE
2026-08-06T07:06:33Z RUN   class=import job=import-0094 status=DONE
2026-08-06T07:06:40Z RUN   class=import job=import-0209 status=DONE
2026-08-06T07:06:44Z RUN   class=import job=import-0105 status=DONE
2026-08-06T07:06:52Z RUN   class=import job=import-0049 status=DONE
2026-08-06T07:06:58Z RUN   class=cleanup job=cleanup-0066 status=DONE
2026-08-06T07:06:59Z RUN   class=import job=import-0197 status=DONE
2026-08-06T07:07:05Z RUN   class=export job=export-0024 status=DONE
2026-08-06T07:07:12Z RUN   class=export job=export-0171 status=DONE
2026-08-06T07:07:16Z RUN   class=export job=export-0040 status=DONE
2026-08-06T07:07:21Z RUN   class=export job=export-0097 status=DONE
2026-08-06T07:07:23Z RUN   class=export job=export-0021 status=DONE
2026-08-06T07:07:28Z RUN   class=cleanup job=cleanup-0093 status=DONE
2026-08-06T07:07:31Z RUN   class=export job=export-0096 status=DONE
2026-08-06T07:07:37Z RUN   class=export job=export-0176 status=DONE
2026-08-06T07:07:38Z RUN   class=export job=export-0048 status=DONE
2026-08-06T07:07:40Z RUN   class=import job=import-0059 status=DONE
2026-08-06T07:07:48Z RUN   class=export job=export-0060 status=DONE
2026-08-06T07:07:57Z RUN   class=cleanup job=cleanup-0013 status=DONE
2026-08-06T07:08:01Z RUN   class=export job=export-0167 status=DONE
2026-08-06T07:08:07Z RUN   class=export job=export-0045 status=DONE
2026-08-06T07:08:10Z RUN   class=import job=import-0171 status=DONE
2026-08-06T07:08:17Z RUN   class=export job=export-0109 status=DONE
2026-08-06T07:08:21Z RUN   class=import job=import-0019 status=DONE
2026-08-06T07:08:23Z RUN   class=export job=export-0163 status=DONE
2026-08-06T07:08:25Z RUN   class=cleanup job=cleanup-0089 status=DONE
2026-08-06T07:08:30Z RUN   class=import job=import-0071 status=DONE
2026-08-06T07:08:36Z RUN   class=import job=import-0210 status=DONE
2026-08-06T07:08:41Z RUN   class=import job=import-0026 status=DONE
2026-08-06T07:08:50Z RUN   class=cleanup job=cleanup-0027 status=DONE
2026-08-06T07:08:58Z RUN   class=export job=export-0062 status=DONE
2026-08-06T07:09:01Z RUN   class=export job=export-0080 status=DONE
2026-08-06T07:09:02Z RUN   class=cleanup job=cleanup-0040 status=DONE
2026-08-06T07:09:03Z RUN   class=import job=import-0196 status=DONE
2026-08-06T07:09:09Z RUN   class=import job=import-0175 status=DONE
2026-08-06T07:09:17Z RUN   class=export job=export-0116 status=DONE
2026-08-06T07:09:19Z RUN   class=export job=export-0131 status=ERROR
2026-08-06T07:09:26Z RUN   class=import job=import-0000 status=DONE
2026-08-06T07:09:33Z RUN   class=import job=import-0082 status=DONE
2026-08-06T07:09:39Z RUN   class=import job=import-0075 status=DONE
2026-08-06T07:09:44Z RUN   class=export job=export-0122 status=DONE
2026-08-06T07:09:49Z RUN   class=export job=export-0111 status=DONE
2026-08-06T07:09:51Z RUN   class=export job=export-0014 status=DONE
2026-08-06T07:09:57Z RUN   class=cleanup job=cleanup-0064 status=DONE
2026-08-06T07:09:58Z RUN   class=export job=export-0137 status=DONE
2026-08-06T07:10:07Z RUN   class=import job=import-0097 status=DONE
2026-08-06T07:10:16Z RUN   class=export job=export-0081 status=DONE
2026-08-06T07:10:22Z RUN   class=export job=export-0051 status=DONE
2026-08-06T07:10:31Z RUN   class=import job=import-0168 status=DONE
2026-08-06T07:10:32Z RUN   class=import job=import-0067 status=DONE
2026-08-06T07:10:41Z RUN   class=cleanup job=cleanup-0074 status=DONE
2026-08-06T07:10:45Z RUN   class=export job=export-0066 status=DONE
2026-08-06T07:10:52Z RUN   class=export job=export-0146 status=DONE
2026-08-06T07:10:58Z RUN   class=export job=export-0121 status=DONE
2026-08-06T07:11:01Z RUN   class=import job=import-0172 status=DONE
2026-08-06T07:11:09Z RUN   class=export job=export-0038 status=DONE
2026-08-06T07:11:17Z RUN   class=import job=import-0195 status=DONE
2026-08-06T07:11:24Z RUN   class=import job=import-0129 status=DONE
2026-08-06T07:11:31Z RUN   class=cleanup job=cleanup-0060 status=DONE
2026-08-06T07:11:40Z RUN   class=import job=import-0107 status=DONE
2026-08-06T07:11:47Z RUN   class=export job=export-0161 status=DONE
2026-08-06T07:11:53Z RUN   class=import job=import-0138 status=DONE
2026-08-06T07:12:00Z RUN   class=export job=export-0017 status=DONE
2026-08-06T07:12:06Z RUN   class=export job=export-0005 status=DONE
2026-08-06T07:12:13Z RUN   class=import job=import-0090 status=DONE
2026-08-06T07:12:22Z RUN   class=export job=export-0055 status=DONE
2026-08-06T07:12:29Z RUN   class=export job=export-0162 status=ERROR
2026-08-06T07:12:35Z RUN   class=import job=import-0051 status=DONE
2026-08-06T07:12:37Z RUN   class=import job=import-0118 status=DONE
2026-08-06T07:12:38Z RUN   class=export job=export-0165 status=DONE
2026-08-06T07:12:44Z RUN   class=export job=export-0035 status=DONE
2026-08-06T07:12:50Z RUN   class=cleanup job=cleanup-0015 status=DONE
2026-08-06T07:12:56Z RUN   class=cleanup job=cleanup-0020 status=DONE
2026-08-06T07:12:58Z RUN   class=export job=export-0105 status=DONE
2026-08-06T07:12:59Z RUN   class=cleanup job=cleanup-0021 status=DONE
2026-08-06T07:13:01Z RUN   class=export job=export-0135 status=DONE
2026-08-06T07:13:05Z RUN   class=import job=import-0088 status=DONE
2026-08-06T07:13:11Z RUN   class=export job=export-0073 status=DONE
2026-08-06T07:13:16Z RUN   class=export job=export-0147 status=DONE
2026-08-06T07:13:24Z RUN   class=export job=export-0174 status=DONE
2026-08-06T07:13:25Z RUN   class=export job=export-0019 status=DONE
2026-08-06T07:13:27Z RUN   class=import job=import-0060 status=DONE
2026-08-06T07:13:31Z RUN   class=import job=import-0070 status=DONE
2026-08-06T07:13:33Z RUN   class=import job=import-0148 status=DONE
2026-08-06T07:13:37Z RUN   class=import job=import-0010 status=DONE
2026-08-06T07:13:39Z RUN   class=export job=export-0160 status=DONE
2026-08-06T07:13:45Z RUN   class=export job=export-0043 status=DONE
2026-08-06T07:13:52Z RUN   class=export job=export-0086 status=DONE
2026-08-06T07:14:01Z RUN   class=export job=export-0000 status=DONE
2026-08-06T07:14:03Z RUN   class=import job=import-0212 status=DONE
2026-08-06T07:14:06Z RUN   class=export job=export-0047 status=DONE
2026-08-06T07:14:13Z RUN   class=export job=export-0008 status=DONE
2026-08-06T07:14:20Z RUN   class=import job=import-0096 status=DONE
2026-08-06T07:14:28Z RUN   class=cleanup job=cleanup-0009 status=DONE
2026-08-06T07:14:32Z RUN   class=export job=export-0175 status=DONE
2026-08-06T07:14:38Z RUN   class=import job=import-0173 status=DONE
2026-08-06T07:14:43Z RUN   class=import job=import-0113 status=DONE
2026-08-06T07:14:48Z RUN   class=import job=import-0186 status=DONE
2026-08-06T07:14:55Z RUN   class=export job=export-0129 status=DONE
2026-08-06T07:15:04Z RUN   class=export job=export-0022 status=DONE
2026-08-06T07:15:06Z RUN   class=export job=export-0003 status=DONE
2026-08-06T07:15:14Z RUN   class=import job=import-0117 status=DONE
2026-08-06T07:15:17Z RUN   class=import job=import-0036 status=DONE
2026-08-06T07:15:22Z RUN   class=export job=export-0113 status=DONE
2026-08-06T07:15:24Z RUN   class=export job=export-0158 status=DONE
2026-08-06T07:15:29Z RUN   class=import job=import-0103 status=DONE
2026-08-06T07:15:33Z RUN   class=import job=import-0164 status=DONE
2026-08-06T07:15:42Z RUN   class=import job=import-0110 status=DONE
2026-08-06T07:15:50Z RUN   class=import job=import-0214 status=DONE
2026-08-06T07:15:53Z RUN   class=import job=import-0043 status=DONE
2026-08-06T07:15:57Z RUN   class=cleanup job=cleanup-0056 status=DONE
2026-08-06T07:15:59Z RUN   class=export job=export-0154 status=DONE
2026-08-06T07:16:08Z RUN   class=import job=import-0135 status=DONE
2026-08-06T07:16:09Z RUN   class=cleanup job=cleanup-0054 status=DONE
2026-08-06T07:16:15Z RUN   class=cleanup job=cleanup-0075 status=DONE
2026-08-06T07:16:22Z RUN   class=import job=import-0167 status=DONE
2026-08-06T07:16:24Z RUN   class=export job=export-0084 status=DONE
2026-08-06T07:16:27Z RUN   class=export job=export-0042 status=DONE
2026-08-06T07:16:31Z RUN   class=import job=import-0083 status=DONE
2026-08-06T07:16:34Z RUN   class=export job=export-0123 status=DONE
2026-08-06T07:16:41Z RUN   class=import job=import-0128 status=DONE
2026-08-06T07:16:49Z RUN   class=import job=import-0157 status=DONE
2026-08-06T07:16:52Z RUN   class=import job=import-0183 status=DONE
2026-08-06T07:17:00Z RUN   class=cleanup job=cleanup-0019 status=DONE
2026-08-06T07:17:02Z RUN   class=import job=import-0016 status=DONE
2026-08-06T07:17:06Z RUN   class=import job=import-0198 status=DONE
2026-08-06T07:17:14Z RUN   class=cleanup job=cleanup-0017 status=DONE
2026-08-06T07:17:18Z RUN   class=import job=import-0130 status=DONE
2026-08-06T07:17:27Z RUN   class=import job=import-0155 status=ERROR
2026-08-06T07:17:28Z RUN   class=import job=import-0102 status=DONE
2026-08-06T07:17:32Z RUN   class=export job=export-0112 status=DONE
2026-08-06T07:17:36Z RUN   class=import job=import-0204 status=DONE
2026-08-06T07:17:42Z RUN   class=import job=import-0152 status=DONE
2026-08-06T07:17:45Z RUN   class=export job=export-0030 status=DONE
2026-08-06T07:17:52Z RUN   class=cleanup job=cleanup-0062 status=DONE
2026-08-06T07:18:00Z RUN   class=import job=import-0188 status=DONE
2026-08-06T07:18:07Z RUN   class=import job=import-0203 status=DONE
2026-08-06T07:18:16Z RUN   class=import job=import-0091 status=DONE
2026-08-06T07:18:21Z RUN   class=import job=import-0072 status=DONE
2026-08-06T07:18:29Z RUN   class=import job=import-0207 status=DONE
2026-08-06T07:18:31Z RUN   class=export job=export-0164 status=DONE
2026-08-06T07:18:38Z RUN   class=export job=export-0101 status=DONE
2026-08-06T07:18:44Z RUN   class=export job=export-0050 status=DONE
2026-08-06T07:18:47Z RUN   class=import job=import-0206 status=DONE
2026-08-06T07:18:51Z RUN   class=export job=export-0069 status=DONE
2026-08-06T07:19:00Z RUN   class=export job=export-0001 status=DONE
2026-08-06T07:19:02Z RUN   class=export job=export-0063 status=DONE
2026-08-06T07:19:08Z RUN   class=import job=import-0064 status=DONE
2026-08-06T07:19:16Z RUN   class=export job=export-0156 status=DONE
2026-08-06T07:19:20Z RUN   class=import job=import-0063 status=DONE
2026-08-06T07:19:22Z RUN   class=import job=import-0162 status=DONE
2026-08-06T07:19:30Z RUN   class=import job=import-0134 status=DONE
2026-08-06T07:19:38Z RUN   class=cleanup job=cleanup-0033 status=DONE
2026-08-06T07:19:45Z RUN   class=export job=export-0057 status=DONE
2026-08-06T07:19:50Z RUN   class=import job=import-0191 status=ERROR
2026-08-06T07:19:53Z RUN   class=import job=import-0132 status=DONE
2026-08-06T07:19:56Z RUN   class=import job=import-0007 status=DONE
2026-08-06T07:20:03Z RUN   class=export job=export-0120 status=DONE
2026-08-06T07:20:04Z RUN   class=export job=export-0065 status=DONE
2026-08-06T07:20:06Z RUN   class=import job=import-0199 status=DONE
2026-08-06T07:20:15Z RUN   class=export job=export-0128 status=DONE
2026-08-06T07:20:21Z RUN   class=import job=import-0146 status=DONE
2026-08-06T07:20:27Z RUN   class=import job=import-0208 status=DONE
2026-08-06T07:20:36Z RUN   class=cleanup job=cleanup-0079 status=DONE
2026-08-06T07:20:43Z RUN   class=import job=import-0166 status=DONE
2026-08-06T07:20:44Z RUN   class=export job=export-0039 status=DONE
2026-08-06T07:20:47Z RUN   class=export job=export-0134 status=DONE
2026-08-06T07:20:51Z RUN   class=export job=export-0058 status=DONE
2026-08-06T07:20:55Z RUN   class=cleanup job=cleanup-0053 status=DONE
2026-08-06T07:20:58Z RUN   class=import job=import-0040 status=DONE
2026-08-06T07:21:00Z RUN   class=export job=export-0094 status=DONE
2026-08-06T07:21:05Z RUN   class=cleanup job=cleanup-0000 status=DONE
2026-08-06T07:21:14Z RUN   class=import job=import-0178 status=DONE
2026-08-06T07:21:17Z RUN   class=import job=import-0065 status=DONE
2026-08-06T07:21:23Z RUN   class=export job=export-0177 status=DONE
2026-08-06T07:21:25Z RUN   class=import job=import-0176 status=DONE
2026-08-06T07:21:27Z RUN   class=cleanup job=cleanup-0071 status=DONE
2026-08-06T07:21:33Z RUN   class=import job=import-0149 status=DONE
2026-08-06T07:21:34Z RUN   class=export job=export-0072 status=DONE
2026-08-06T07:21:35Z RUN   class=import job=import-0200 status=DONE
2026-08-06T07:21:39Z RUN   class=import job=import-0028 status=DONE
2026-08-06T07:21:43Z RUN   class=import job=import-0041 status=DONE
2026-08-06T07:21:50Z RUN   class=import job=import-0202 status=DONE
2026-08-06T07:21:59Z RUN   class=import job=import-0062 status=DONE
2026-08-06T07:22:08Z RUN   class=cleanup job=cleanup-0029 status=DONE
2026-08-06T07:22:12Z RUN   class=export job=export-0013 status=DONE
2026-08-06T07:22:14Z RUN   class=export job=export-0015 status=DONE
2026-08-06T07:22:16Z RUN   class=export job=export-0036 status=DONE
2026-08-06T07:22:24Z RUN   class=cleanup job=cleanup-0036 status=DONE
2026-08-06T07:22:28Z RUN   class=import job=import-0078 status=DONE
2026-08-06T07:22:33Z RUN   class=export job=export-0170 status=DONE
2026-08-06T07:22:41Z RUN   class=export job=export-0103 status=DONE
2026-08-06T07:22:49Z RUN   class=export job=export-0018 status=DONE
2026-08-06T07:22:54Z RUN   class=export job=export-0173 status=DONE
2026-08-06T07:23:03Z RUN   class=cleanup job=cleanup-0057 status=DONE
2026-08-06T07:23:10Z RUN   class=import job=import-0137 status=DONE
2026-08-06T07:23:11Z RUN   class=export job=export-0125 status=DONE
2026-08-06T07:23:17Z RUN   class=cleanup job=cleanup-0050 status=DONE
2026-08-06T07:23:23Z RUN   class=import job=import-0029 status=DONE
2026-08-06T07:23:30Z RUN   class=import job=import-0127 status=DONE
2026-08-06T07:23:32Z RUN   class=import job=import-0201 status=DONE
2026-08-06T07:23:36Z RUN   class=cleanup job=cleanup-0025 status=DONE
2026-08-06T07:23:43Z RUN   class=import job=import-0151 status=DONE
2026-08-06T07:23:46Z RUN   class=export job=export-0098 status=DONE
2026-08-06T07:23:53Z RUN   class=cleanup job=cleanup-0070 status=DONE
2026-08-06T07:24:00Z RUN   class=cleanup job=cleanup-0005 status=DONE
2026-08-06T07:24:05Z RUN   class=import job=import-0169 status=DONE
2026-08-06T07:24:10Z RUN   class=export job=export-0168 status=DONE
2026-08-06T07:24:18Z RUN   class=cleanup job=cleanup-0003 status=DONE
2026-08-06T07:24:23Z RUN   class=cleanup job=cleanup-0044 status=DONE
2026-08-06T07:24:28Z RUN   class=export job=export-0153 status=DONE
2026-08-06T07:24:29Z RUN   class=import job=import-0009 status=DONE
2026-08-06T07:24:34Z RUN   class=export job=export-0172 status=DONE
2026-08-06T07:24:40Z RUN   class=cleanup job=cleanup-0084 status=DONE
2026-08-06T07:24:47Z RUN   class=export job=export-0027 status=DONE
2026-08-06T07:24:53Z RUN   class=import job=import-0140 status=DONE
2026-08-06T07:25:01Z RUN   class=import job=import-0054 status=DONE
2026-08-06T07:25:04Z RUN   class=import job=import-0086 status=DONE
2026-08-06T07:25:09Z RUN   class=import job=import-0039 status=DONE
2026-08-06T07:25:11Z RUN   class=cleanup job=cleanup-0085 status=DONE
2026-08-06T07:25:17Z RUN   class=import job=import-0119 status=DONE
2026-08-06T07:25:21Z RUN   class=cleanup job=cleanup-0035 status=DONE
2026-08-06T07:25:28Z RUN   class=cleanup job=cleanup-0028 status=DONE
2026-08-06T07:25:29Z RUN   class=import job=import-0101 status=DONE
2026-08-06T07:25:37Z RUN   class=cleanup job=cleanup-0092 status=DONE
2026-08-06T07:25:38Z RUN   class=import job=import-0074 status=DONE
2026-08-06T07:25:42Z RUN   class=import job=import-0089 status=DONE
2026-08-06T07:25:43Z RUN   class=export job=export-0033 status=DONE
2026-08-06T07:25:52Z RUN   class=export job=export-0092 status=DONE
2026-08-06T07:25:53Z RUN   class=export job=export-0093 status=DONE
2026-08-06T07:25:59Z RUN   class=cleanup job=cleanup-0086 status=DONE
2026-08-06T07:26:04Z RUN   class=import job=import-0160 status=DONE
2026-08-06T07:26:11Z RUN   class=import job=import-0022 status=DONE
2026-08-06T07:26:13Z RUN   class=cleanup job=cleanup-0014 status=DONE
2026-08-06T07:26:21Z RUN   class=export job=export-0034 status=DONE
2026-08-06T07:26:28Z RUN   class=cleanup job=cleanup-0094 status=DONE
2026-08-06T07:26:34Z RUN   class=import job=import-0163 status=DONE
2026-08-06T07:26:35Z RUN   class=import job=import-0145 status=DONE
2026-08-06T07:26:44Z RUN   class=import job=import-0044 status=DONE
2026-08-06T07:26:49Z RUN   class=export job=export-0077 status=DONE
2026-08-06T07:26:51Z RUN   class=import job=import-0085 status=DONE
2026-08-06T07:26:58Z RUN   class=export job=export-0070 status=DONE
2026-08-06T07:26:59Z RUN   class=export job=export-0091 status=DONE
2026-08-06T07:27:02Z RUN   class=export job=export-0136 status=DONE
2026-08-06T07:27:07Z RUN   class=cleanup job=cleanup-0043 status=DONE
2026-08-06T07:27:10Z RUN   class=export job=export-0032 status=DONE
2026-08-06T07:27:17Z RUN   class=import job=import-0190 status=DONE
2026-08-06T07:27:24Z RUN   class=import job=import-0058 status=DONE
2026-08-06T07:27:30Z RUN   class=import job=import-0185 status=DONE
2026-08-06T07:27:38Z RUN   class=cleanup job=cleanup-0055 status=DONE
2026-08-06T07:27:44Z RUN   class=cleanup job=cleanup-0058 status=DONE
2026-08-06T07:27:52Z RUN   class=cleanup job=cleanup-0011 status=DONE
2026-08-06T07:27:54Z RUN   class=import job=import-0170 status=ERROR
2026-08-06T07:28:00Z RUN   class=import job=import-0112 status=DONE
2026-08-06T07:28:07Z RUN   class=cleanup job=cleanup-0078 status=DONE
2026-08-06T07:28:09Z RUN   class=export job=export-0085 status=DONE
2026-08-06T07:28:14Z RUN   class=import job=import-0133 status=DONE
2026-08-06T07:28:20Z RUN   class=import job=import-0014 status=DONE
2026-08-06T07:28:21Z RUN   class=export job=export-0046 status=DONE
2026-08-06T07:28:26Z RUN   class=export job=export-0149 status=DONE
2026-08-06T07:28:27Z RUN   class=cleanup job=cleanup-0002 status=DONE
2026-08-06T07:28:31Z RUN   class=import job=import-0002 status=DONE
2026-08-06T07:28:38Z RUN   class=cleanup job=cleanup-0059 status=DONE
2026-08-06T07:28:46Z RUN   class=import job=import-0153 status=DONE
2026-08-06T07:28:55Z RUN   class=import job=import-0100 status=DONE
2026-08-06T07:28:58Z RUN   class=export job=export-0157 status=DONE
2026-08-06T07:29:07Z RUN   class=import job=import-0020 status=DONE
2026-08-06T07:29:15Z RUN   class=export job=export-0089 status=DONE
2026-08-06T07:29:18Z RUN   class=import job=import-0143 status=DONE
2026-08-06T07:29:25Z RUN   class=export job=export-0064 status=DONE
2026-08-06T07:29:26Z RUN   class=import job=import-0177 status=DONE
2026-08-06T07:29:28Z RUN   class=export job=export-0037 status=DONE
2026-08-06T07:29:35Z RUN   class=cleanup job=cleanup-0063 status=DONE
2026-08-06T07:29:39Z RUN   class=cleanup job=cleanup-0008 status=DONE
2026-08-06T07:29:44Z RUN   class=import job=import-0120 status=DONE
2026-08-06T07:29:47Z RUN   class=cleanup job=cleanup-0030 status=DONE
2026-08-06T07:29:52Z RUN   class=import job=import-0023 status=ERROR
2026-08-06T07:29:57Z RUN   class=import job=import-0158 status=ERROR
2026-08-06T07:30:06Z RUN   class=cleanup job=cleanup-0072 status=DONE
2026-08-06T07:30:12Z RUN   class=import job=import-0099 status=DONE
2026-08-06T07:30:17Z RUN   class=export job=export-0142 status=DONE
2026-08-06T07:30:22Z RUN   class=import job=import-0161 status=DONE
2026-08-06T07:30:28Z RUN   class=export job=export-0011 status=DONE
2026-08-06T07:30:33Z RUN   class=import job=import-0205 status=DONE
2026-08-06T07:30:42Z RUN   class=import job=import-0087 status=DONE
2026-08-06T07:30:50Z RUN   class=import job=import-0114 status=DONE
2026-08-06T07:30:58Z RUN   class=import job=import-0027 status=DONE
2026-08-06T07:31:00Z RUN   class=cleanup job=cleanup-0061 status=DONE
2026-08-06T07:31:03Z RUN   class=import job=import-0034 status=DONE
2026-08-06T07:31:07Z RUN   class=import job=import-0141 status=DONE
2026-08-06T07:31:09Z RUN   class=import job=import-0182 status=DONE
2026-08-06T07:31:11Z RUN   class=cleanup job=cleanup-0048 status=DONE
2026-08-06T07:31:14Z RUN   class=export job=export-0133 status=DONE
2026-08-06T07:31:20Z RUN   class=export job=export-0059 status=DONE
2026-08-06T07:31:23Z RUN   class=export job=export-0049 status=DONE
2026-08-06T07:31:28Z RUN   class=cleanup job=cleanup-0041 status=DONE
2026-08-06T07:31:30Z RUN   class=export job=export-0002 status=DONE
2026-08-06T07:31:35Z RUN   class=import job=import-0084 status=DONE
2026-08-06T07:31:41Z RUN   class=export job=export-0138 status=DONE
2026-08-06T07:31:47Z RUN   class=import job=import-0057 status=DONE
2026-08-06T07:31:52Z RUN   class=import job=import-0108 status=DONE
2026-08-06T07:31:57Z RUN   class=import job=import-0069 status=DONE
2026-08-06T07:32:06Z RUN   class=import job=import-0150 status=DONE
2026-08-06T07:32:14Z RUN   class=cleanup job=cleanup-0069 status=DONE
2026-08-06T07:32:21Z RUN   class=import job=import-0092 status=DONE
2026-08-06T07:32:23Z RUN   class=export job=export-0169 status=DONE
2026-08-06T07:32:31Z RUN   class=import job=import-0013 status=DONE
2026-08-06T07:32:39Z RUN   class=export job=export-0025 status=DONE
2026-08-06T07:32:44Z RUN   class=cleanup job=cleanup-0068 status=DONE
2026-08-06T07:32:49Z RUN   class=export job=export-0054 status=DONE
2026-08-06T07:32:54Z RUN   class=import job=import-0125 status=DONE
2026-08-06T07:33:00Z RUN   class=export job=export-0119 status=DONE
2026-08-06T07:33:04Z RUN   class=cleanup job=cleanup-0051 status=DONE
2026-08-06T07:33:09Z RUN   class=export job=export-0104 status=DONE
2026-08-06T07:33:11Z RUN   class=import job=import-0080 status=DONE
2026-08-06T07:33:13Z RUN   class=export job=export-0078 status=DONE
2026-08-06T07:33:17Z RUN   class=cleanup job=cleanup-0049 status=DONE
2026-08-06T07:33:18Z RUN   class=import job=import-0076 status=DONE
2026-08-06T07:33:27Z RUN   class=import job=import-0050 status=DONE
2026-08-06T07:33:35Z RUN   class=import job=import-0015 status=DONE
2026-08-06T07:33:42Z RUN   class=import job=import-0179 status=DONE
2026-08-06T07:33:47Z RUN   class=import job=import-0174 status=ERROR
2026-08-06T07:33:52Z RUN   class=import job=import-0066 status=DONE
2026-08-06T07:33:57Z RUN   class=cleanup job=cleanup-0001 status=DONE
2026-08-06T07:34:03Z RUN   class=export job=export-0009 status=DONE
2026-08-06T07:34:04Z RUN   class=import job=import-0045 status=DONE
2026-08-06T07:34:12Z RUN   class=import job=import-0122 status=DONE
2026-08-06T07:34:14Z RUN   class=cleanup job=cleanup-0004 status=DONE
2026-08-06T07:34:17Z RUN   class=cleanup job=cleanup-0082 status=DONE
2026-08-06T07:34:22Z RUN   class=import job=import-0001 status=DONE
2026-08-06T07:34:25Z RUN   class=cleanup job=cleanup-0034 status=DONE
2026-08-06T07:34:32Z RUN   class=export job=export-0068 status=DONE
2026-08-06T07:34:33Z RUN   class=import job=import-0053 status=DONE
2026-08-06T07:34:39Z RUN   class=export job=export-0012 status=DONE
2026-08-06T07:34:43Z RUN   class=cleanup job=cleanup-0091 status=DONE
2026-08-06T07:34:45Z RUN   class=import job=import-0024 status=DONE
2026-08-06T07:34:50Z RUN   class=export job=export-0107 status=DONE
2026-08-06T07:34:58Z RUN   class=export job=export-0099 status=DONE
2026-08-06T07:35:01Z RUN   class=import job=import-0136 status=DONE
2026-08-06T07:35:05Z RUN   class=cleanup job=cleanup-0052 status=DONE
2026-08-06T07:35:08Z RUN   class=cleanup job=cleanup-0077 status=DONE
2026-08-06T07:35:11Z RUN   class=export job=export-0029 status=DONE
2026-08-06T07:35:17Z RUN   class=import job=import-0104 status=DONE
2026-08-06T07:35:25Z RUN   class=export job=export-0150 status=DONE
2026-08-06T07:35:27Z RUN   class=import job=import-0139 status=DONE
2026-08-06T07:35:30Z RUN   class=cleanup job=cleanup-0083 status=DONE
2026-08-06T07:35:37Z RUN   class=import job=import-0021 status=DONE
2026-08-06T07:35:42Z RUN   class=export job=export-0102 status=DONE
2026-08-06T07:35:46Z RUN   class=import job=import-0154 status=DONE
2026-08-06T07:35:53Z RUN   class=export job=export-0115 status=DONE
2026-08-06T07:35:59Z RUN   class=cleanup job=cleanup-0045 status=DONE
2026-08-06T07:36:04Z RUN   class=import job=import-0116 status=DONE
2026-08-06T07:36:06Z RUN   class=export job=export-0141 status=DONE
2026-08-06T07:36:09Z RUN   class=import job=import-0159 status=DONE
2026-08-06T07:36:13Z RUN   class=export job=export-0151 status=DONE
2026-08-06T07:36:17Z RUN   class=cleanup job=cleanup-0080 status=DONE
2026-08-06T07:36:20Z RUN   class=import job=import-0111 status=DONE
2026-08-06T07:36:21Z RUN   class=import job=import-0006 status=DONE
2026-08-06T07:36:25Z RUN   class=export job=export-0155 status=DONE
2026-08-06T07:36:31Z RUN   class=import job=import-0011 status=DONE
2026-08-06T07:36:33Z RUN   class=cleanup job=cleanup-0023 status=DONE
2026-08-06T07:36:34Z RUN   class=import job=import-0081 status=DONE
2026-08-06T07:36:38Z RUN   class=cleanup job=cleanup-0090 status=DONE
2026-08-06T07:36:47Z RUN   class=import job=import-0180 status=DONE
2026-08-06T07:36:48Z RUN   class=import job=import-0165 status=DONE
2026-08-06T07:36:50Z RUN   class=import job=import-0012 status=DONE
2026-08-06T07:36:54Z RUN   class=import job=import-0115 status=DONE
2026-08-06T07:37:03Z RUN   class=export job=export-0079 status=DONE
2026-08-06T07:37:07Z RUN   class=export job=export-0145 status=DONE
2026-08-06T07:37:10Z RUN   class=import job=import-0035 status=DONE
2026-08-06T07:37:11Z RUN   class=cleanup job=cleanup-0067 status=DONE
2026-08-06T07:37:18Z RUN   class=export job=export-0044 status=DONE
2026-08-06T07:37:26Z RUN   class=export job=export-0118 status=DONE
2026-08-06T07:37:35Z RUN   class=import job=import-0003 status=DONE
2026-08-06T07:37:36Z RUN   class=import job=import-0004 status=DONE
2026-08-06T07:37:37Z RUN   class=import job=import-0032 status=DONE
2026-08-06T07:37:40Z RUN   class=import job=import-0213 status=ERROR
2026-08-06T07:37:47Z RUN   class=export job=export-0041 status=DONE
2026-08-06T07:37:48Z RUN   class=import job=import-0109 status=DONE
2026-08-06T07:37:51Z RUN   class=export job=export-0100 status=DONE
2026-08-06T07:37:57Z RUN   class=export job=export-0052 status=DONE
2026-08-06T07:38:00Z RUN   class=cleanup job=cleanup-0016 status=DONE
2026-08-06T07:38:05Z RUN   class=import job=import-0017 status=DONE
2026-08-06T07:38:07Z RUN   class=export job=export-0076 status=DONE
2026-08-06T07:38:13Z RUN   class=export job=export-0144 status=DONE
2026-08-06T07:38:15Z RUN   class=export job=export-0110 status=DONE
2026-08-06T07:38:17Z RUN   class=import job=import-0187 status=DONE
2026-08-06T07:38:21Z RUN   class=export job=export-0071 status=DONE
2026-08-06T07:38:30Z RUN   class=export job=export-0083 status=DONE
2026-08-06T07:38:35Z RUN   class=cleanup job=cleanup-0026 status=DONE
2026-08-06T07:38:44Z RUN   class=export job=export-0004 status=DONE
2026-08-06T07:38:45Z RUN   class=export job=export-0143 status=DONE
2026-08-06T07:38:52Z RUN   class=export job=export-0114 status=DONE
2026-08-06T07:38:53Z RUN   class=import job=import-0184 status=DONE
2026-08-06T07:39:00Z RUN   class=import job=import-0147 status=DONE
2026-08-06T07:39:03Z RUN   class=export job=export-0061 status=DONE
2026-08-06T07:39:12Z RUN   class=import job=import-0038 status=DONE
2026-08-06T07:39:18Z RUN   class=import job=import-0211 status=DONE
2026-08-06T07:39:27Z RUN   class=import job=import-0046 status=DONE
2026-08-06T07:39:31Z RUN   class=import job=import-0025 status=DONE
2026-08-06T07:39:38Z RUN   class=cleanup job=cleanup-0032 status=DONE
2026-08-06T07:39:46Z RUN   class=cleanup job=cleanup-0065 status=DONE
2026-08-06T07:39:52Z RUN   class=cleanup job=cleanup-0012 status=DONE
2026-08-06T07:39:54Z RUN   class=import job=import-0073 status=DONE
2026-08-06T07:39:55Z RUN   class=export job=export-0010 status=DONE
2026-08-06T07:39:59Z RUN   class=import job=import-0216 status=DONE
2026-08-06T07:40:05Z RUN   class=export job=export-0159 status=DONE
2026-08-06T07:40:12Z RUN   class=import job=import-0193 status=DONE
2026-08-06T07:40:17Z RUN   class=cleanup job=cleanup-0076 status=DONE
2026-08-06T07:40:19Z RUN   class=import job=import-0144 status=DONE
2026-08-06T07:40:24Z RUN   class=cleanup job=cleanup-0010 status=DONE
2026-08-06T07:40:33Z RUN   class=export job=export-0090 status=DONE
2026-08-06T07:40:38Z RUN   class=export job=export-0016 status=DONE
2026-08-06T07:40:42Z RUN   class=export job=export-0132 status=DONE
2026-08-06T07:40:46Z RUN   class=import job=import-0055 status=DONE
2026-08-06T07:40:47Z RUN   class=cleanup job=cleanup-0007 status=DONE
2026-08-06T07:40:50Z RUN   class=export job=export-0053 status=DONE
2026-08-06T07:40:56Z RUN   class=export job=export-0007 status=DONE
2026-08-06T07:41:01Z RUN   class=import job=import-0189 status=DONE
2026-08-06T07:41:03Z RUN   class=export job=export-0106 status=DONE
2026-08-06T07:41:06Z RUN   class=import job=import-0018 status=DONE
